2025-03-22 14:30:02 0 [Note] Starting MariaDB 10.4.32-MariaDB source revision c4143f909528e3fab0677a28631d10389354c491 as process 16668
2025-03-22 14:30:02 0 [Note] InnoDB: Mutexes and rw_locks use Windows interlocked functions
2025-03-22 14:30:02 0 [Note] InnoDB: Uses event mutexes
2025-03-22 14:30:02 0 [Note] InnoDB: Compressed tables use zlib 1.3
2025-03-22 14:30:02 0 [Note] InnoDB: Number of pools: 1
2025-03-22 14:30:02 0 [Note] InnoDB: Using SSE2 crc32 instructions
2025-03-22 14:30:02 0 [Note] InnoDB: Initializing buffer pool, total size = 16M, instances = 1, chunk size = 16M
2025-03-22 14:30:02 0 [Note] InnoDB: Completed initialization of buffer pool
2025-03-22 14:30:02 0 [Note] InnoDB: Starting crash recovery from checkpoint LSN=300288
2025-03-22 14:30:03 0 [Note] InnoDB: 128 out of 128 rollback segments are active.
2025-03-22 14:30:03 0 [Note] InnoDB: Removed temporary tablespace data file: "ibtmp1"
2025-03-22 14:30:03 0 [Note] InnoDB: Creating shared tablespace for temporary tables
2025-03-22 14:30:03 0 [Note] InnoDB: Setting file 'C:\xampp\mysql\data\ibtmp1' size to 12 MB. Physically writing the file full; Please wait ...
2025-03-22 14:30:03 0 [Note] InnoDB: File 'C:\xampp\mysql\data\ibtmp1' size is now 12 MB.
2025-03-22 14:30:03 0 [Note] InnoDB: Waiting for purge to start
2025-03-22 14:30:03 0 [Note] InnoDB: 10.4.32 started; log sequence number 300297; transaction id 170
2025-03-22 14:30:03 0 [Note] InnoDB: Loading buffer pool(s) from C:\xampp\mysql\data\ib_buffer_pool
2025-03-22 14:30:03 0 [Note] Plugin 'FEEDBACK' is disabled.
2025-03-22 14:30:03 0 [Note] Server socket created on IP: '::'.
2025-03-22 14:30:20 0 [Note] Starting MariaDB 10.4.32-MariaDB source revision c4143f909528e3fab0677a28631d10389354c491 as process 22208
2025-03-22 14:30:20 0 [Note] InnoDB: Mutexes and rw_locks use Windows interlocked functions
2025-03-22 14:30:20 0 [Note] InnoDB: Uses event mutexes
2025-03-22 14:30:20 0 [Note] InnoDB: Compressed tables use zlib 1.3
2025-03-22 14:30:20 0 [Note] InnoDB: Number of pools: 1
2025-03-22 14:30:20 0 [Note] InnoDB: Using SSE2 crc32 instructions
2025-03-22 14:30:20 0 [Note] InnoDB: Initializing buffer pool, total size = 16M, instances = 1, chunk size = 16M
2025-03-22 14:30:20 0 [Note] InnoDB: Completed initialization of buffer pool
2025-03-22 14:30:20 0 [Note] InnoDB: Starting crash recovery from checkpoint LSN=300306
2025-03-22 14:30:20 0 [Note] InnoDB: 128 out of 128 rollback segments are active.
2025-03-22 14:30:20 0 [Note] InnoDB: Removed temporary tablespace data file: "ibtmp1"
2025-03-22 14:30:20 0 [Note] InnoDB: Creating shared tablespace for temporary tables
2025-03-22 14:30:20 0 [Note] InnoDB: Setting file 'C:\xampp\mysql\data\ibtmp1' size to 12 MB. Physically writing the file full; Please wait ...
2025-03-22 14:30:20 0 [Note] InnoDB: File 'C:\xampp\mysql\data\ibtmp1' size is now 12 MB.
2025-03-22 14:30:20 0 [Note] InnoDB: Waiting for purge to start
2025-03-22 14:30:20 0 [Note] InnoDB: 10.4.32 started; log sequence number 300315; transaction id 170
2025-03-22 14:30:20 0 [Note] InnoDB: Loading buffer pool(s) from C:\xampp\mysql\data\ib_buffer_pool
2025-03-22 14:30:20 0 [Note] Plugin 'FEEDBACK' is disabled.
2025-03-22 14:30:20 0 [Note] Server socket created on IP: '::'.
2025-03-22 14:33:20 0 [Note] Starting MariaDB 10.4.32-MariaDB source revision c4143f909528e3fab0677a28631d10389354c491 as process 6772
2025-03-22 14:33:20 0 [Note] InnoDB: Mutexes and rw_locks use Windows interlocked functions
2025-03-22 14:33:20 0 [Note] InnoDB: Uses event mutexes
2025-03-22 14:33:20 0 [Note] InnoDB: Compressed tables use zlib 1.3
2025-03-22 14:33:20 0 [Note] InnoDB: Number of pools: 1
2025-03-22 14:33:20 0 [Note] InnoDB: Using SSE2 crc32 instructions
2025-03-22 14:33:20 0 [Note] InnoDB: Initializing buffer pool, total size = 16M, instances = 1, chunk size = 16M
2025-03-22 14:33:20 0 [Note] InnoDB: Completed initialization of buffer pool
2025-03-22 14:33:20 0 [Note] InnoDB: Starting crash recovery from checkpoint LSN=300324
2025-03-22 14:33:20 0 [Note] InnoDB: 128 out of 128 rollback segments are active.
2025-03-22 14:33:20 0 [Note] InnoDB: Removed temporary tablespace data file: "ibtmp1"
2025-03-22 14:33:20 0 [Note] InnoDB: Creating shared tablespace for temporary tables
2025-03-22 14:33:20 0 [Note] InnoDB: Setting file 'C:\xampp\mysql\data\ibtmp1' size to 12 MB. Physically writing the file full; Please wait ...
2025-03-22 14:33:20 0 [Note] InnoDB: File 'C:\xampp\mysql\data\ibtmp1' size is now 12 MB.
2025-03-22 14:33:20 0 [Note] InnoDB: Waiting for purge to start
2025-03-22 14:33:20 0 [Note] InnoDB: 10.4.32 started; log sequence number 300333; transaction id 170
2025-03-22 14:33:20 0 [Note] InnoDB: Loading buffer pool(s) from C:\xampp\mysql\data\ib_buffer_pool
2025-03-22 14:33:20 0 [Note] Plugin 'FEEDBACK' is disabled.
2025-03-22 14:33:20 0 [Note] InnoDB: Buffer pool(s) load completed at 250322 14:33:20
2025-03-22 14:33:20 0 [Note] Server socket created on IP: '::'.
2025-03-22 14:49:36 0 [Note] Starting MariaDB 10.4.32-MariaDB source revision c4143f909528e3fab0677a28631d10389354c491 as process 8176
2025-03-22 14:49:36 0 [Note] InnoDB: Mutexes and rw_locks use Windows interlocked functions
2025-03-22 14:49:36 0 [Note] InnoDB: Uses event mutexes
2025-03-22 14:49:36 0 [Note] InnoDB: Compressed tables use zlib 1.3
2025-03-22 14:49:36 0 [Note] InnoDB: Number of pools: 1
2025-03-22 14:49:36 0 [Note] InnoDB: Using SSE2 crc32 instructions
2025-03-22 14:49:36 0 [Note] InnoDB: Initializing buffer pool, total size = 16M, instances = 1, chunk size = 16M
2025-03-22 14:49:36 0 [Note] InnoDB: Completed initialization of buffer pool
2025-03-22 14:49:36 0 [Note] InnoDB: Starting crash recovery from checkpoint LSN=300342
2025-03-22 14:49:36 0 [Note] InnoDB: 128 out of 128 rollback segments are active.
2025-03-22 14:49:36 0 [Note] InnoDB: Removed temporary tablespace data file: "ibtmp1"
2025-03-22 14:49:36 0 [Note] InnoDB: Creating shared tablespace for temporary tables
2025-03-22 14:49:36 0 [Note] InnoDB: Setting file 'C:\xampp\mysql\data\ibtmp1' size to 12 MB. Physically writing the file full; Please wait ...
2025-03-22 14:49:36 0 [Note] InnoDB: File 'C:\xampp\mysql\data\ibtmp1' size is now 12 MB.
2025-03-22 14:49:36 0 [Note] InnoDB: Waiting for purge to start
2025-03-22 14:49:36 0 [Note] InnoDB: 10.4.32 started; log sequence number 300351; transaction id 170
2025-03-22 14:49:36 0 [Note] InnoDB: Loading buffer pool(s) from C:\xampp\mysql\data\ib_buffer_pool
2025-03-22 14:49:36 0 [Note] Plugin 'FEEDBACK' is disabled.
2025-03-22 14:49:36 0 [Note] Server socket created on IP: '::'.
2025-03-22 20:03:44 0 [Note] Starting MariaDB 10.4.32-MariaDB source revision c4143f909528e3fab0677a28631d10389354c491 as process 28116
2025-03-22 20:03:44 0 [Note] InnoDB: Mutexes and rw_locks use Windows interlocked functions
2025-03-22 20:03:44 0 [Note] InnoDB: Uses event mutexes
2025-03-22 20:03:44 0 [Note] InnoDB: Compressed tables use zlib 1.3
2025-03-22 20:03:44 0 [Note] InnoDB: Number of pools: 1
2025-03-22 20:03:44 0 [Note] InnoDB: Using SSE2 crc32 instructions
2025-03-22 20:03:44 0 [Note] InnoDB: Initializing buffer pool, total size = 16M, instances = 1, chunk size = 16M
2025-03-22 20:03:44 0 [Note] InnoDB: Completed initialization of buffer pool
2025-03-22 20:03:44 0 [Note] InnoDB: Starting crash recovery from checkpoint LSN=300360
2025-03-22 20:03:44 0 [Note] InnoDB: 128 out of 128 rollback segments are active.
2025-03-22 20:03:44 0 [Note] InnoDB: Removed temporary tablespace data file: "ibtmp1"
2025-03-22 20:03:44 0 [Note] InnoDB: Creating shared tablespace for temporary tables
2025-03-22 20:03:44 0 [Note] InnoDB: Setting file 'C:\xampp\mysql\data\ibtmp1' size to 12 MB. Physically writing the file full; Please wait ...
2025-03-22 20:03:44 0 [Note] InnoDB: File 'C:\xampp\mysql\data\ibtmp1' size is now 12 MB.
2025-03-22 20:03:44 0 [Note] InnoDB: Waiting for purge to start
2025-03-22 20:03:44 0 [Note] InnoDB: 10.4.32 started; log sequence number 300369; transaction id 170
2025-03-22 20:03:44 0 [Note] InnoDB: Loading buffer pool(s) from C:\xampp\mysql\data\ib_buffer_pool
2025-03-22 20:03:44 0 [Note] Plugin 'FEEDBACK' is disabled.
2025-03-22 20:03:44 0 [Note] Server socket created on IP: '::'.
2025-03-22 20:03:49 0 [Note] Starting MariaDB 10.4.32-MariaDB source revision c4143f909528e3fab0677a28631d10389354c491 as process 31384
2025-03-22 20:03:49 0 [Note] InnoDB: Mutexes and rw_locks use Windows interlocked functions
2025-03-22 20:03:49 0 [Note] InnoDB: Uses event mutexes
2025-03-22 20:03:49 0 [Note] InnoDB: Compressed tables use zlib 1.3
2025-03-22 20:03:49 0 [Note] InnoDB: Number of pools: 1
2025-03-22 20:03:49 0 [Note] InnoDB: Using SSE2 crc32 instructions
2025-03-22 20:03:49 0 [Note] InnoDB: Initializing buffer pool, total size = 16M, instances = 1, chunk size = 16M
2025-03-22 20:03:49 0 [Note] InnoDB: Completed initialization of buffer pool
2025-03-22 20:03:49 0 [Note] InnoDB: Starting crash recovery from checkpoint LSN=300360
2025-03-22 20:03:50 0 [Note] InnoDB: 128 out of 128 rollback segments are active.
2025-03-22 20:03:50 0 [Note] InnoDB: Removed temporary tablespace data file: "ibtmp1"
2025-03-22 20:03:50 0 [Note] InnoDB: Creating shared tablespace for temporary tables
2025-03-22 20:03:50 0 [Note] InnoDB: Setting file 'C:\xampp\mysql\data\ibtmp1' size to 12 MB. Physically writing the file full; Please wait ...
2025-03-22 20:03:50 0 [Note] InnoDB: File 'C:\xampp\mysql\data\ibtmp1' size is now 12 MB.
2025-03-22 20:03:50 0 [Note] InnoDB: Waiting for purge to start
2025-03-22 20:03:50 0 [Note] InnoDB: 10.4.32 started; log sequence number 300369; transaction id 170
2025-03-22 20:03:50 0 [Note] InnoDB: Loading buffer pool(s) from C:\xampp\mysql\data\ib_buffer_pool
2025-03-22 20:03:50 0 [Note] Plugin 'FEEDBACK' is disabled.
2025-03-22 20:03:50 0 [Note] Server socket created on IP: '::'.
2025-03-23  9:01:24 0 [Note] Starting MariaDB 10.4.32-MariaDB source revision c4143f909528e3fab0677a28631d10389354c491 as process 3972
2025-03-23  9:01:24 0 [Note] InnoDB: Mutexes and rw_locks use Windows interlocked functions
2025-03-23  9:01:24 0 [Note] InnoDB: Uses event mutexes
2025-03-23  9:01:24 0 [Note] InnoDB: Compressed tables use zlib 1.3
2025-03-23  9:01:24 0 [Note] InnoDB: Number of pools: 1
2025-03-23  9:01:24 0 [Note] InnoDB: Using SSE2 crc32 instructions
2025-03-23  9:01:24 0 [Note] InnoDB: Initializing buffer pool, total size = 16M, instances = 1, chunk size = 16M
2025-03-23  9:01:24 0 [Note] InnoDB: Completed initialization of buffer pool
2025-03-23  9:01:24 0 [Note] InnoDB: Starting crash recovery from checkpoint LSN=300378
2025-03-23  9:01:24 0 [Note] InnoDB: 128 out of 128 rollback segments are active.
2025-03-23  9:01:24 0 [Note] InnoDB: Removed temporary tablespace data file: "ibtmp1"
2025-03-23  9:01:24 0 [Note] InnoDB: Creating shared tablespace for temporary tables
2025-03-23  9:01:24 0 [Note] InnoDB: Setting file 'C:\xampp\mysql\data\ibtmp1' size to 12 MB. Physically writing the file full; Please wait ...
2025-03-23  9:01:24 0 [Note] InnoDB: File 'C:\xampp\mysql\data\ibtmp1' size is now 12 MB.
2025-03-23  9:01:24 0 [Note] InnoDB: Waiting for purge to start
2025-03-23  9:01:24 0 [Note] InnoDB: 10.4.32 started; log sequence number 300387; transaction id 170
2025-03-23  9:01:24 0 [Note] InnoDB: Loading buffer pool(s) from C:\xampp\mysql\data\ib_buffer_pool
2025-03-23  9:01:24 0 [Note] Plugin 'FEEDBACK' is disabled.
2025-03-23  9:01:24 0 [Note] Server socket created on IP: '::'.
2025-03-24 14:12:09 0 [Note] Starting MariaDB 10.4.32-MariaDB source revision c4143f909528e3fab0677a28631d10389354c491 as process 28936
2025-03-24 14:12:09 0 [Note] InnoDB: Mutexes and rw_locks use Windows interlocked functions
2025-03-24 14:12:09 0 [Note] InnoDB: Uses event mutexes
2025-03-24 14:12:09 0 [Note] InnoDB: Compressed tables use zlib 1.3
2025-03-24 14:12:09 0 [Note] InnoDB: Number of pools: 1
2025-03-24 14:12:09 0 [Note] InnoDB: Using SSE2 crc32 instructions
2025-03-24 14:12:09 0 [Note] InnoDB: Initializing buffer pool, total size = 16M, instances = 1, chunk size = 16M
2025-03-24 14:12:09 0 [Note] InnoDB: Completed initialization of buffer pool
2025-03-24 14:12:09 0 [Note] InnoDB: Starting crash recovery from checkpoint LSN=305943
2025-03-24 14:12:10 0 [Note] InnoDB: 128 out of 128 rollback segments are active.
2025-03-24 14:12:10 0 [Note] InnoDB: Removed temporary tablespace data file: "ibtmp1"
2025-03-24 14:12:10 0 [Note] InnoDB: Creating shared tablespace for temporary tables
2025-03-24 14:12:10 0 [Note] InnoDB: Setting file 'C:\xampp\mysql\data\ibtmp1' size to 12 MB. Physically writing the file full; Please wait ...
2025-03-24 14:12:10 0 [Note] InnoDB: File 'C:\xampp\mysql\data\ibtmp1' size is now 12 MB.
2025-03-24 14:12:10 0 [Note] InnoDB: Waiting for purge to start
2025-03-24 14:12:10 0 [Note] InnoDB: 10.4.32 started; log sequence number 305952; transaction id 189
2025-03-24 14:12:10 0 [Note] InnoDB: Loading buffer pool(s) from C:\xampp\mysql\data\ib_buffer_pool
2025-03-24 14:12:10 0 [Note] Plugin 'FEEDBACK' is disabled.
2025-03-24 14:12:10 0 [Note] InnoDB: Buffer pool(s) load completed at 250324 14:12:10
2025-03-24 14:12:10 0 [Note] Server socket created on IP: '::'.
2025-03-24 14:37:15 0 [Note] Starting MariaDB 10.4.32-MariaDB source revision c4143f909528e3fab0677a28631d10389354c491 as process 26188
2025-03-24 14:37:15 0 [Note] InnoDB: Mutexes and rw_locks use Windows interlocked functions
2025-03-24 14:37:15 0 [Note] InnoDB: Uses event mutexes
2025-03-24 14:37:15 0 [Note] InnoDB: Compressed tables use zlib 1.3
2025-03-24 14:37:15 0 [Note] InnoDB: Number of pools: 1
2025-03-24 14:37:15 0 [Note] InnoDB: Using SSE2 crc32 instructions
2025-03-24 14:37:15 0 [Note] InnoDB: Initializing buffer pool, total size = 16M, instances = 1, chunk size = 16M
2025-03-24 14:37:15 0 [Note] InnoDB: Completed initialization of buffer pool
2025-03-24 14:37:15 0 [Note] InnoDB: Starting crash recovery from checkpoint LSN=305961
2025-03-24 14:37:15 0 [Note] InnoDB: 128 out of 128 rollback segments are active.
2025-03-24 14:37:15 0 [Note] InnoDB: Removed temporary tablespace data file: "ibtmp1"
2025-03-24 14:37:15 0 [Note] InnoDB: Creating shared tablespace for temporary tables
2025-03-24 14:37:15 0 [Note] InnoDB: Setting file 'C:\xampp\mysql\data\ibtmp1' size to 12 MB. Physically writing the file full; Please wait ...
2025-03-24 14:37:15 0 [Note] InnoDB: File 'C:\xampp\mysql\data\ibtmp1' size is now 12 MB.
2025-03-24 14:37:15 0 [Note] InnoDB: Waiting for purge to start
2025-03-24 14:37:15 0 [Note] InnoDB: 10.4.32 started; log sequence number 305970; transaction id 189
2025-03-24 14:37:15 0 [Note] InnoDB: Loading buffer pool(s) from C:\xampp\mysql\data\ib_buffer_pool
2025-03-24 14:37:15 0 [Note] Plugin 'FEEDBACK' is disabled.
2025-03-24 14:37:15 0 [Note] Server socket created on IP: '::'.
2025-03-24 14:37:15 0 [Note] InnoDB: Buffer pool(s) load completed at 250324 14:37:15
2025-03-25 12:51:13 0 [Note] Starting MariaDB 10.4.32-MariaDB source revision c4143f909528e3fab0677a28631d10389354c491 as process 30700
2025-03-25 12:51:13 0 [Note] InnoDB: Mutexes and rw_locks use Windows interlocked functions
2025-03-25 12:51:13 0 [Note] InnoDB: Uses event mutexes
2025-03-25 12:51:13 0 [Note] InnoDB: Compressed tables use zlib 1.3
2025-03-25 12:51:13 0 [Note] InnoDB: Number of pools: 1
2025-03-25 12:51:13 0 [Note] InnoDB: Using SSE2 crc32 instructions
2025-03-25 12:51:13 0 [Note] InnoDB: Initializing buffer pool, total size = 16M, instances = 1, chunk size = 16M
2025-03-25 12:51:13 0 [Note] InnoDB: Completed initialization of buffer pool
2025-03-25 12:51:13 0 [Note] InnoDB: Starting crash recovery from checkpoint LSN=318632
2025-03-25 12:51:13 0 [Note] InnoDB: 128 out of 128 rollback segments are active.
2025-03-25 12:51:13 0 [Note] InnoDB: Removed temporary tablespace data file: "ibtmp1"
2025-03-25 12:51:13 0 [Note] InnoDB: Creating shared tablespace for temporary tables
2025-03-25 12:51:13 0 [Note] InnoDB: Setting file 'C:\xampp\mysql\data\ibtmp1' size to 12 MB. Physically writing the file full; Please wait ...
2025-03-25 12:51:13 0 [Note] InnoDB: File 'C:\xampp\mysql\data\ibtmp1' size is now 12 MB.
2025-03-25 12:51:13 0 [Note] InnoDB: Waiting for purge to start
2025-03-25 12:51:13 0 [Note] InnoDB: 10.4.32 started; log sequence number 318641; transaction id 229
2025-03-25 12:51:13 0 [Note] InnoDB: Loading buffer pool(s) from C:\xampp\mysql\data\ib_buffer_pool
2025-03-25 12:51:13 0 [Note] Plugin 'FEEDBACK' is disabled.
2025-03-25 12:51:13 0 [Note] Server socket created on IP: '::'.
2025-03-25 18:08:11 0 [Note] Starting MariaDB 10.4.32-MariaDB source revision c4143f909528e3fab0677a28631d10389354c491 as process 28832
2025-03-25 18:08:11 0 [Note] InnoDB: Mutexes and rw_locks use Windows interlocked functions
2025-03-25 18:08:11 0 [Note] InnoDB: Uses event mutexes
2025-03-25 18:08:11 0 [Note] InnoDB: Compressed tables use zlib 1.3
2025-03-25 18:08:11 0 [Note] InnoDB: Number of pools: 1
2025-03-25 18:08:11 0 [Note] InnoDB: Using SSE2 crc32 instructions
2025-03-25 18:08:11 0 [Note] InnoDB: Initializing buffer pool, total size = 16M, instances = 1, chunk size = 16M
2025-03-25 18:08:11 0 [Note] InnoDB: Completed initialization of buffer pool
2025-03-25 18:08:11 0 [Note] InnoDB: Starting crash recovery from checkpoint LSN=318650
2025-03-25 18:08:11 0 [Note] InnoDB: 128 out of 128 rollback segments are active.
2025-03-25 18:08:11 0 [Note] InnoDB: Removed temporary tablespace data file: "ibtmp1"
2025-03-25 18:08:11 0 [Note] InnoDB: Creating shared tablespace for temporary tables
2025-03-25 18:08:11 0 [Note] InnoDB: Setting file 'C:\xampp\mysql\data\ibtmp1' size to 12 MB. Physically writing the file full; Please wait ...
2025-03-25 18:08:11 0 [Note] InnoDB: File 'C:\xampp\mysql\data\ibtmp1' size is now 12 MB.
2025-03-25 18:08:11 0 [Note] InnoDB: Waiting for purge to start
2025-03-25 18:08:11 0 [Note] InnoDB: 10.4.32 started; log sequence number 318659; transaction id 229
2025-03-25 18:08:11 0 [Note] InnoDB: Loading buffer pool(s) from C:\xampp\mysql\data\ib_buffer_pool
2025-03-25 18:08:11 0 [Note] Plugin 'FEEDBACK' is disabled.
2025-03-25 18:08:11 0 [Note] Server socket created on IP: '::'.
2025-03-25 21:44:36 0 [Note] Starting MariaDB 10.4.32-MariaDB source revision c4143f909528e3fab0677a28631d10389354c491 as process 31280
2025-03-25 21:44:36 0 [Note] InnoDB: Mutexes and rw_locks use Windows interlocked functions
2025-03-25 21:44:36 0 [Note] InnoDB: Uses event mutexes
2025-03-25 21:44:36 0 [Note] InnoDB: Compressed tables use zlib 1.3
2025-03-25 21:44:36 0 [Note] InnoDB: Number of pools: 1
2025-03-25 21:44:36 0 [Note] InnoDB: Using SSE2 crc32 instructions
2025-03-25 21:44:36 0 [Note] InnoDB: Initializing buffer pool, total size = 16M, instances = 1, chunk size = 16M
2025-03-25 21:44:36 0 [Note] InnoDB: Completed initialization of buffer pool
2025-03-25 21:44:36 0 [Note] InnoDB: Starting crash recovery from checkpoint LSN=454548
2025-03-25 21:44:36 0 [Note] InnoDB: 128 out of 128 rollback segments are active.
2025-03-25 21:44:36 0 [Note] InnoDB: Removed temporary tablespace data file: "ibtmp1"
2025-03-25 21:44:36 0 [Note] InnoDB: Creating shared tablespace for temporary tables
2025-03-25 21:44:36 0 [Note] InnoDB: Setting file 'C:\xampp\mysql\data\ibtmp1' size to 12 MB. Physically writing the file full; Please wait ...
2025-03-25 21:44:36 0 [Note] InnoDB: File 'C:\xampp\mysql\data\ibtmp1' size is now 12 MB.
2025-03-25 21:44:36 0 [Note] InnoDB: Waiting for purge to start
2025-03-25 21:44:36 0 [Note] InnoDB: 10.4.32 started; log sequence number 454557; transaction id 294
2025-03-25 21:44:36 0 [Note] InnoDB: Loading buffer pool(s) from C:\xampp\mysql\data\ib_buffer_pool
2025-03-25 21:44:36 0 [Note] Plugin 'FEEDBACK' is disabled.
2025-03-25 21:44:36 0 [Note] Server socket created on IP: '::'.
2025-03-30 11:20:52 0 [Note] Starting MariaDB 10.4.32-MariaDB source revision c4143f909528e3fab0677a28631d10389354c491 as process 9508
2025-03-30 11:20:52 0 [Note] InnoDB: Mutexes and rw_locks use Windows interlocked functions
2025-03-30 11:20:52 0 [Note] InnoDB: Uses event mutexes
2025-03-30 11:20:52 0 [Note] InnoDB: Compressed tables use zlib 1.3
2025-03-30 11:20:52 0 [Note] InnoDB: Number of pools: 1
2025-03-30 11:20:52 0 [Note] InnoDB: Using SSE2 crc32 instructions
2025-03-30 11:20:52 0 [Note] InnoDB: Initializing buffer pool, total size = 16M, instances = 1, chunk size = 16M
2025-03-30 11:20:52 0 [Note] InnoDB: Completed initialization of buffer pool
2025-03-30 11:20:52 0 [Note] InnoDB: Starting crash recovery from checkpoint LSN=480931
2025-03-30 11:20:52 0 [Note] InnoDB: 128 out of 128 rollback segments are active.
2025-03-30 11:20:52 0 [Note] InnoDB: Removed temporary tablespace data file: "ibtmp1"
2025-03-30 11:20:52 0 [Note] InnoDB: Creating shared tablespace for temporary tables
2025-03-30 11:20:52 0 [Note] InnoDB: Setting file 'C:\xampp\mysql\data\ibtmp1' size to 12 MB. Physically writing the file full; Please wait ...
2025-03-30 11:20:52 0 [Note] InnoDB: File 'C:\xampp\mysql\data\ibtmp1' size is now 12 MB.
2025-03-30 11:20:52 0 [Note] InnoDB: Waiting for purge to start
2025-03-30 11:20:52 0 [Note] InnoDB: 10.4.32 started; log sequence number 480940; transaction id 375
2025-03-30 11:20:52 0 [Note] Plugin 'FEEDBACK' is disabled.
2025-03-30 11:20:52 0 [Note] InnoDB: Loading buffer pool(s) from C:\xampp\mysql\data\ib_buffer_pool
2025-03-30 11:20:52 0 [Note] Server socket created on IP: '::'.
2025-03-30 11:45:02 0 [Note] Starting MariaDB 10.4.32-MariaDB source revision c4143f909528e3fab0677a28631d10389354c491 as process 29836
2025-03-30 11:45:02 0 [Note] mysqld.exe: Aria engine: starting recovery
recovered pages: 0% 11% 21% 31% 42% 64% 100% (0.0 seconds); tables to flush: 1 0
 (0.0 seconds); 
2025-03-30 11:45:02 0 [Note] mysqld.exe: Aria engine: recovery done
2025-03-30 11:45:02 0 [Note] InnoDB: Mutexes and rw_locks use Windows interlocked functions
2025-03-30 11:45:02 0 [Note] InnoDB: Uses event mutexes
2025-03-30 11:45:02 0 [Note] InnoDB: Compressed tables use zlib 1.3
2025-03-30 11:45:02 0 [Note] InnoDB: Number of pools: 1
2025-03-30 11:45:02 0 [Note] InnoDB: Using SSE2 crc32 instructions
2025-03-30 11:45:02 0 [Note] InnoDB: Initializing buffer pool, total size = 16M, instances = 1, chunk size = 16M
2025-03-30 11:45:02 0 [Note] InnoDB: Completed initialization of buffer pool
2025-03-30 11:45:02 0 [Note] InnoDB: Starting crash recovery from checkpoint LSN=481266
2025-03-30 11:45:02 0 [Note] InnoDB: 128 out of 128 rollback segments are active.
2025-03-30 11:45:02 0 [Note] InnoDB: Removed temporary tablespace data file: "ibtmp1"
2025-03-30 11:45:02 0 [Note] InnoDB: Creating shared tablespace for temporary tables
2025-03-30 11:45:02 0 [Note] InnoDB: Setting file 'C:\xampp\mysql\data\ibtmp1' size to 12 MB. Physically writing the file full; Please wait ...
2025-03-30 11:45:02 0 [Note] InnoDB: File 'C:\xampp\mysql\data\ibtmp1' size is now 12 MB.
2025-03-30 11:45:02 0 [Note] InnoDB: Waiting for purge to start
2025-03-30 11:45:02 0 [Note] InnoDB: 10.4.32 started; log sequence number 481275; transaction id 375
2025-03-30 11:45:02 0 [Note] InnoDB: Loading buffer pool(s) from C:\xampp\mysql\data\ib_buffer_pool
2025-03-30 11:45:02 0 [Note] Plugin 'FEEDBACK' is disabled.
2025-03-30 11:45:02 0 [Note] Server socket created on IP: '::'.
2025-03-30 11:47:24 0 [Note] Starting MariaDB 10.4.32-MariaDB source revision c4143f909528e3fab0677a28631d10389354c491 as process 37108
2025-03-30 11:47:24 0 [Note] InnoDB: Mutexes and rw_locks use Windows interlocked functions
2025-03-30 11:47:24 0 [Note] InnoDB: Uses event mutexes
2025-03-30 11:47:24 0 [Note] InnoDB: Compressed tables use zlib 1.3
2025-03-30 11:47:24 0 [Note] InnoDB: Number of pools: 1
2025-03-30 11:47:24 0 [Note] InnoDB: Using SSE2 crc32 instructions
2025-03-30 11:47:24 0 [Note] InnoDB: Initializing buffer pool, total size = 16M, instances = 1, chunk size = 16M
2025-03-30 11:47:24 0 [Note] InnoDB: Completed initialization of buffer pool
2025-03-30 11:47:24 0 [Note] InnoDB: Starting crash recovery from checkpoint LSN=481300
2025-03-30 11:47:24 0 [Note] InnoDB: 128 out of 128 rollback segments are active.
2025-03-30 11:47:24 0 [Note] InnoDB: Removed temporary tablespace data file: "ibtmp1"
2025-03-30 11:47:24 0 [Note] InnoDB: Creating shared tablespace for temporary tables
2025-03-30 11:47:24 0 [Note] InnoDB: Setting file 'C:\xampp\mysql\data\ibtmp1' size to 12 MB. Physically writing the file full; Please wait ...
2025-03-30 11:47:24 0 [Note] InnoDB: File 'C:\xampp\mysql\data\ibtmp1' size is now 12 MB.
2025-03-30 11:47:24 0 [Note] InnoDB: Waiting for purge to start
2025-03-30 11:47:24 0 [Note] InnoDB: 10.4.32 started; log sequence number 481309; transaction id 375
2025-03-30 11:47:24 0 [Note] InnoDB: Loading buffer pool(s) from C:\xampp\mysql\data\ib_buffer_pool
2025-03-30 11:47:24 0 [Note] Plugin 'FEEDBACK' is disabled.
2025-03-30 11:47:24 0 [Note] Server socket created on IP: '::'.
2025-03-30 11:55:30 0 [Note] Starting MariaDB 10.4.32-MariaDB source revision c4143f909528e3fab0677a28631d10389354c491 as process 33596
2025-03-30 11:55:30 0 [Note] InnoDB: Mutexes and rw_locks use Windows interlocked functions
2025-03-30 11:55:30 0 [Note] InnoDB: Uses event mutexes
2025-03-30 11:55:30 0 [Note] InnoDB: Compressed tables use zlib 1.3
2025-03-30 11:55:30 0 [Note] InnoDB: Number of pools: 1
2025-03-30 11:55:30 0 [Note] InnoDB: Using SSE2 crc32 instructions
2025-03-30 11:55:30 0 [Note] InnoDB: Initializing buffer pool, total size = 16M, instances = 1, chunk size = 16M
2025-03-30 11:55:30 0 [Note] InnoDB: Completed initialization of buffer pool
2025-03-30 11:55:30 0 [Note] InnoDB: Starting crash recovery from checkpoint LSN=481318
2025-03-30 11:55:30 0 [Note] InnoDB: 128 out of 128 rollback segments are active.
2025-03-30 11:55:30 0 [Note] InnoDB: Removed temporary tablespace data file: "ibtmp1"
2025-03-30 11:55:30 0 [Note] InnoDB: Creating shared tablespace for temporary tables
2025-03-30 11:55:30 0 [Note] InnoDB: Setting file 'C:\xampp\mysql\data\ibtmp1' size to 12 MB. Physically writing the file full; Please wait ...
2025-03-30 11:55:30 0 [Note] InnoDB: File 'C:\xampp\mysql\data\ibtmp1' size is now 12 MB.
2025-03-30 11:55:30 0 [Note] InnoDB: Waiting for purge to start
2025-03-30 11:55:30 0 [Note] InnoDB: 10.4.32 started; log sequence number 481327; transaction id 375
2025-03-30 11:55:30 0 [Note] InnoDB: Loading buffer pool(s) from C:\xampp\mysql\data\ib_buffer_pool
2025-03-30 11:55:30 0 [Note] Plugin 'FEEDBACK' is disabled.
2025-03-30 11:55:30 0 [Note] Server socket created on IP: '::'.
2025-03-30 12:00:43 0 [Note] Starting MariaDB 10.4.32-MariaDB source revision c4143f909528e3fab0677a28631d10389354c491 as process 12148
2025-03-30 12:00:43 0 [Note] InnoDB: Mutexes and rw_locks use Windows interlocked functions
2025-03-30 12:00:43 0 [Note] InnoDB: Uses event mutexes
2025-03-30 12:00:43 0 [Note] InnoDB: Compressed tables use zlib 1.3
2025-03-30 12:00:43 0 [Note] InnoDB: Number of pools: 1
2025-03-30 12:00:43 0 [Note] InnoDB: Using SSE2 crc32 instructions
2025-03-30 12:00:43 0 [Note] InnoDB: Initializing buffer pool, total size = 16M, instances = 1, chunk size = 16M
2025-03-30 12:00:43 0 [Note] InnoDB: Completed initialization of buffer pool
2025-03-30 12:00:43 0 [Note] InnoDB: Starting crash recovery from checkpoint LSN=481336
2025-03-30 12:00:43 0 [Note] InnoDB: 128 out of 128 rollback segments are active.
2025-03-30 12:00:43 0 [Note] InnoDB: Removed temporary tablespace data file: "ibtmp1"
2025-03-30 12:00:43 0 [Note] InnoDB: Creating shared tablespace for temporary tables
2025-03-30 12:00:43 0 [Note] InnoDB: Setting file 'C:\xampp\mysql\data\ibtmp1' size to 12 MB. Physically writing the file full; Please wait ...
2025-03-30 12:00:43 0 [Note] InnoDB: File 'C:\xampp\mysql\data\ibtmp1' size is now 12 MB.
2025-03-30 12:00:43 0 [Note] InnoDB: Waiting for purge to start
2025-03-30 12:00:43 0 [Note] InnoDB: 10.4.32 started; log sequence number 481345; transaction id 375
2025-03-30 12:00:43 0 [Note] InnoDB: Loading buffer pool(s) from C:\xampp\mysql\data\ib_buffer_pool
2025-03-30 12:00:43 0 [Note] Plugin 'FEEDBACK' is disabled.
2025-03-30 12:00:43 0 [Note] Server socket created on IP: '::'.
