14:29:58  [main] 	Initializing Control Panel
14:29:58  [main] 	Windows Version:  Home  64-bit
14:29:58  [main] 	XAMPP Version: 8.2.12
14:29:58  [main] 	Control Panel Version: 3.3.0  [ Compiled: Apr 6th 2021 ]
14:29:58  [main] 	Running with Administrator rights - good!
14:29:58  [main] 	XAMPP Installation Directory: "c:\xampp\"
14:29:58  [main] 	Checking for prerequisites
14:29:59  [main] 	All prerequisites found
14:29:59  [main] 	Initializing Modules
14:29:59  [filezilla] 	FileZilla Service detected with wrong path
14:29:59  [filezilla] 	Change XAMPP FileZilla and Control Panel settings or
14:29:59  [filezilla] 	Uninstall/disable the other service manually first
14:29:59  [filezilla] 	Found Path: "C:\xammp\filezillaftp\filezillaserver.exe"
14:29:59  [filezilla] 	Expected Path: "c:\xampp\FileZillaFTP\filezillaserver.exe"
14:29:59  [main] 	Starting Check-Timer
14:29:59  [main] 	Control Panel Ready
14:30:02  [mysql] 	Attempting to start MySQL app...
14:30:02  [mysql] 	Status change detected: running
14:30:12  [Apache] 	Attempting to start Apache app...
14:30:12  [Apache] 	Status change detected: running
14:30:13  [mysql] 	Status change detected: stopped
14:30:13  [mysql] 	Error: MySQL shutdown unexpectedly.
14:30:13  [mysql] 	This may be due to a blocked port, missing dependencies, 
14:30:13  [mysql] 	improper privileges, a crash, or a shutdown by another method.
14:30:13  [mysql] 	Press the Logs button to view error logs and check
14:30:13  [mysql] 	the Windows Event Viewer for more clues
14:30:13  [mysql] 	If you need more help, copy and post this
14:30:13  [mysql] 	entire log window on the forums
14:30:19  [mysql] 	Attempting to start MySQL app...
14:30:20  [mysql] 	Status change detected: running
14:30:45  [Apache] 	Attempting to stop Apache (PID: 8220)
14:30:45  [Apache] 	Attempting to stop Apache (PID: 11032)
14:30:45  [Apache] 	Status change detected: stopped
14:30:47  [mysql] 	Attempting to stop MySQL app...
14:30:47  [mysql] 	Status change detected: stopped
14:33:20  [mysql] 	Attempting to start MySQL app...
14:33:20  [mysql] 	Status change detected: running
14:33:23  [Apache] 	Attempting to start Apache app...
14:33:24  [Apache] 	Status change detected: running
14:42:43  [Apache] 	Attempting to stop Apache (PID: 22208)
14:42:43  [Apache] 	Attempting to stop Apache (PID: 9980)
14:42:44  [Apache] 	Status change detected: stopped
14:42:46  [mysql] 	Attempting to stop MySQL app...
14:42:46  [mysql] 	Status change detected: stopped
14:49:35  [Apache] 	Attempting to start Apache app...
14:49:35  [Apache] 	Status change detected: running
14:49:36  [mysql] 	Attempting to start MySQL app...
14:49:36  [mysql] 	Status change detected: running
20:03:41  [Apache] 	Attempting to stop Apache (PID: 11732)
20:03:41  [Apache] 	Attempting to stop Apache (PID: 7376)
20:03:41  [Apache] 	Status change detected: stopped
20:03:41  [mysql] 	Attempting to stop MySQL app...
20:03:41  [mysql] 	Status change detected: stopped
20:03:44  [mysql] 	Attempting to start MySQL app...
20:03:44  [mysql] 	Status change detected: running
20:03:44  [mysql] 	Status change detected: stopped
20:03:44  [mysql] 	Error: MySQL shutdown unexpectedly.
20:03:44  [mysql] 	This may be due to a blocked port, missing dependencies, 
20:03:44  [mysql] 	improper privileges, a crash, or a shutdown by another method.
20:03:44  [mysql] 	Press the Logs button to view error logs and check
20:03:44  [mysql] 	the Windows Event Viewer for more clues
20:03:44  [mysql] 	If you need more help, copy and post this
20:03:44  [mysql] 	entire log window on the forums
20:03:49  [mysql] 	Attempting to start MySQL app...
20:03:49  [mysql] 	Status change detected: running
20:03:52  [Apache] 	Attempting to start Apache app...
20:03:52  [Apache] 	Status change detected: running
20:04:00  [mysql] 	Attempting to stop MySQL app...
20:04:00  [mysql] 	Status change detected: stopped
20:04:01  [Apache] 	Attempting to stop Apache (PID: 1868)
20:04:01  [Apache] 	Attempting to stop Apache (PID: 20872)
20:04:01  [Apache] 	Status change detected: stopped
09:01:23  [Apache] 	Attempting to start Apache app...
09:01:23  [Apache] 	Status change detected: running
09:01:24  [mysql] 	Attempting to start MySQL app...
09:01:24  [mysql] 	Status change detected: running
20:19:26  [Apache] 	Attempting to stop Apache (PID: 11656)
20:19:26  [Apache] 	Attempting to stop Apache (PID: 26704)
20:19:26  [Apache] 	Status change detected: stopped
20:19:26  [mysql] 	Attempting to stop MySQL app...
20:19:26  [mysql] 	Status change detected: stopped
20:23:17  [main] 	Deinitializing Modules
20:23:17  [main] 	Deinitializing Control Panel

14:12:05  [main] 	Initializing Control Panel
14:12:05  [main] 	Windows Version:  Home  64-bit
14:12:05  [main] 	XAMPP Version: 8.2.12
14:12:05  [main] 	Control Panel Version: 3.3.0  [ Compiled: Apr 6th 2021 ]
14:12:05  [main] 	Running with Administrator rights - good!
14:12:05  [main] 	XAMPP Installation Directory: "c:\xampp\"
14:12:05  [main] 	Checking for prerequisites
14:12:06  [main] 	All prerequisites found
14:12:06  [main] 	Initializing Modules
14:12:06  [filezilla] 	FileZilla Service detected with wrong path
14:12:06  [filezilla] 	Change XAMPP FileZilla and Control Panel settings or
14:12:06  [filezilla] 	Uninstall/disable the other service manually first
14:12:06  [filezilla] 	Found Path: "C:\xammp\filezillaftp\filezillaserver.exe"
14:12:06  [filezilla] 	Expected Path: "c:\xampp\FileZillaFTP\filezillaserver.exe"
14:12:06  [main] 	Starting Check-Timer
14:12:06  [main] 	Control Panel Ready
14:12:08  [Apache] 	Attempting to start Apache app...
14:12:09  [Apache] 	Status change detected: running
14:12:09  [mysql] 	Attempting to start MySQL app...
14:12:10  [mysql] 	Status change detected: running
14:37:11  [mysql] 	Attempting to stop MySQL app...
14:37:11  [mysql] 	Status change detected: stopped
14:37:12  [Apache] 	Attempting to stop Apache (PID: 26412)
14:37:12  [Apache] 	Attempting to stop Apache (PID: 20096)
14:37:12  [Apache] 	Status change detected: stopped
14:37:14  [mysql] 	Attempting to start MySQL app...
14:37:15  [mysql] 	Status change detected: running
14:37:16  [Apache] 	Attempting to start Apache app...
14:37:16  [Apache] 	Status change detected: running
19:32:46  [mysql] 	Attempting to stop MySQL app...
19:32:46  [mysql] 	Status change detected: stopped
19:32:46  [Apache] 	Attempting to stop Apache (PID: 18544)
19:32:46  [Apache] 	Attempting to stop Apache (PID: 26656)
19:32:46  [Apache] 	Status change detected: stopped
19:32:49  [filezilla] 	Attempting to start FileZilla service...
02:04:31  [main] 	Deinitializing Modules
02:04:31  [main] 	Deinitializing Control Panel

12:49:52  [main] 	Initializing Control Panel
12:49:52  [main] 	Windows Version:  Home  64-bit
12:49:52  [main] 	XAMPP Version: 8.2.12
12:49:52  [main] 	Control Panel Version: 3.3.0  [ Compiled: Apr 6th 2021 ]
12:49:52  [main] 	Running with Administrator rights - good!
12:49:52  [main] 	XAMPP Installation Directory: "c:\xampp\"
12:49:52  [main] 	Checking for prerequisites
12:49:53  [main] 	All prerequisites found
12:49:53  [main] 	Initializing Modules
12:49:53  [filezilla] 	FileZilla Service detected with wrong path
12:49:53  [filezilla] 	Change XAMPP FileZilla and Control Panel settings or
12:49:53  [filezilla] 	Uninstall/disable the other service manually first
12:49:53  [filezilla] 	Found Path: "C:\xammp\filezillaftp\filezillaserver.exe"
12:49:53  [filezilla] 	Expected Path: "c:\xampp\FileZillaFTP\filezillaserver.exe"
12:49:53  [main] 	Starting Check-Timer
12:49:53  [main] 	Control Panel Ready
12:51:11  [Apache] 	Attempting to start Apache app...
12:51:11  [Apache] 	Status change detected: running
12:51:13  [mysql] 	Attempting to start MySQL app...
12:51:13  [mysql] 	Status change detected: running
15:39:09  [mysql] 	Attempting to stop MySQL app...
15:39:09  [mysql] 	Status change detected: stopped
15:39:10  [Apache] 	Attempting to stop Apache (PID: 22580)
15:39:10  [Apache] 	Attempting to stop Apache (PID: 16360)
15:39:10  [Apache] 	Status change detected: stopped
18:08:09  [Apache] 	Attempting to start Apache app...
18:08:10  [Apache] 	Status change detected: running
18:08:10  [mysql] 	Attempting to start MySQL app...
18:08:11  [mysql] 	Status change detected: running
19:24:17  [main] 	Executing "c:\xampp\phpMyAdmin"
21:44:32  [Apache] 	Attempting to stop Apache (PID: 15412)
21:44:32  [Apache] 	Attempting to stop Apache (PID: 32480)
21:44:33  [Apache] 	Status change detected: stopped
21:44:33  [mysql] 	Attempting to stop MySQL app...
21:44:34  [mysql] 	Status change detected: stopped
21:44:35  [Apache] 	Attempting to start Apache app...
21:44:35  [Apache] 	Status change detected: running
21:44:36  [mysql] 	Attempting to start MySQL app...
21:44:36  [mysql] 	Status change detected: running
14:00:19  [mysql] 	Attempting to stop MySQL app...
14:00:20  [mysql] 	Status change detected: stopped
14:00:20  [Apache] 	Attempting to stop Apache (PID: 34132)
14:00:20  [Apache] 	Attempting to stop Apache (PID: 33416)
14:00:21  [Apache] 	Status change detected: stopped
11:20:51  [Apache] 	Attempting to start Apache app...
11:20:51  [Apache] 	Status change detected: running
11:20:52  [mysql] 	Attempting to start MySQL app...
11:20:52  [mysql] 	Status change detected: running
11:44:34  [Apache] 	Attempting to stop Apache (PID: 8588)
11:44:34  [Apache] 	Attempting to stop Apache (PID: 30872)
11:44:35  [Apache] 	Status change detected: stopped
11:44:36  [mysql] 	Attempting to stop MySQL app...
11:44:36  [mysql] 	Status change detected: stopped
11:45:00  [Apache] 	Attempting to start Apache app...
11:45:01  [Apache] 	Status change detected: running
11:45:02  [mysql] 	Attempting to start MySQL app...
11:45:02  [mysql] 	Status change detected: running
11:47:11  [Apache] 	Attempting to stop Apache (PID: 27364)
11:47:11  [Apache] 	Attempting to stop Apache (PID: 38420)
11:47:12  [Apache] 	Status change detected: stopped
11:47:13  [mysql] 	Attempting to stop MySQL app...
11:47:13  [mysql] 	Status change detected: stopped
11:47:20  [Apache] 	Attempting to start Apache app...
11:47:20  [Apache] 	Status change detected: running
11:47:24  [mysql] 	Attempting to start MySQL app...
11:47:24  [mysql] 	Status change detected: running
11:49:48  [main] 	Deinitializing Modules
11:49:48  [main] 	Deinitializing Control Panel

11:55:20  [main] 	Initializing Control Panel
11:55:20  [main] 	Windows Version:  Home  64-bit
11:55:20  [main] 	XAMPP Version: 8.2.12
11:55:20  [main] 	Control Panel Version: 3.3.0  [ Compiled: Apr 6th 2021 ]
11:55:20  [main] 	Running with Administrator rights - good!
11:55:20  [main] 	XAMPP Installation Directory: "c:\xampp\"
11:55:20  [main] 	Checking for prerequisites
11:55:21  [main] 	All prerequisites found
11:55:21  [main] 	Initializing Modules
11:55:21  [Apache] 	XAMPP Apache is already running on port 80
11:55:21  [Apache] 	XAMPP Apache is already running on port 443
11:55:21  [mysql] 	XAMPP MySQL is already running on port 3306
11:55:21  [filezilla] 	FileZilla Service detected with wrong path
11:55:21  [filezilla] 	Change XAMPP FileZilla and Control Panel settings or
11:55:21  [filezilla] 	Uninstall/disable the other service manually first
11:55:21  [filezilla] 	Found Path: "C:\xammp\filezillaftp\filezillaserver.exe"
11:55:21  [filezilla] 	Expected Path: "c:\xampp\FileZillaFTP\filezillaserver.exe"
11:55:21  [main] 	Starting Check-Timer
11:55:21  [main] 	Control Panel Ready
11:55:23  [Apache] 	Attempting to stop Apache (PID: 2316)
11:55:23  [Apache] 	Attempting to stop Apache (PID: 17956)
11:55:23  [Apache] 	Status change detected: stopped
11:55:24  [mysql] 	Attempting to stop MySQL app...
11:55:24  [mysql] 	Status change detected: stopped
11:55:29  [Apache] 	Attempting to start Apache app...
11:55:29  [Apache] 	Status change detected: running
11:55:30  [Apache] 	Status change detected: stopped
11:55:30  [Apache] 	Error: Apache shutdown unexpectedly.
11:55:30  [Apache] 	This may be due to a blocked port, missing dependencies, 
11:55:30  [Apache] 	improper privileges, a crash, or a shutdown by another method.
11:55:30  [Apache] 	Press the Logs button to view error logs and check
11:55:30  [Apache] 	the Windows Event Viewer for more clues
11:55:30  [Apache] 	If you need more help, copy and post this
11:55:30  [Apache] 	entire log window on the forums
11:55:30  [mysql] 	Attempting to start MySQL app...
11:55:30  [mysql] 	Status change detected: running
11:55:32  [Apache] 	Attempting to start Apache app...
11:55:33  [Apache] 	Status change detected: running
11:55:33  [Apache] 	Status change detected: stopped
11:55:33  [Apache] 	Error: Apache shutdown unexpectedly.
11:55:33  [Apache] 	This may be due to a blocked port, missing dependencies, 
11:55:33  [Apache] 	improper privileges, a crash, or a shutdown by another method.
11:55:33  [Apache] 	Press the Logs button to view error logs and check
11:55:33  [Apache] 	the Windows Event Viewer for more clues
11:55:33  [Apache] 	If you need more help, copy and post this
11:55:33  [Apache] 	entire log window on the forums
12:00:41  [mysql] 	Attempting to stop MySQL app...
12:00:41  [mysql] 	Status change detected: stopped
12:00:43  [mysql] 	Attempting to start MySQL app...
12:00:43  [mysql] 	Status change detected: running
12:00:44  [Apache] 	Problem detected!
12:00:44  [Apache] 	Port 80 in use by "C:\xampp2\apache\bin\httpd.exe" with PID 37076!
12:00:44  [Apache] 	Apache WILL NOT start without the configured ports free!
12:00:44  [Apache] 	You need to uninstall/disable/reconfigure the blocking application
12:00:44  [Apache] 	or reconfigure Apache and the Control Panel to listen on a different port
12:00:44  [Apache] 	Problem detected!
12:00:44  [Apache] 	Port 443 in use by "C:\xampp2\apache\bin\httpd.exe" with PID 37076!
12:00:44  [Apache] 	Apache WILL NOT start without the configured ports free!
12:00:44  [Apache] 	You need to uninstall/disable/reconfigure the blocking application
12:00:44  [Apache] 	or reconfigure Apache and the Control Panel to listen on a different port
12:00:44  [Apache] 	Attempting to start Apache app...
12:00:44  [Apache] 	Status change detected: running
12:00:45  [Apache] 	Status change detected: stopped
12:00:45  [Apache] 	Error: Apache shutdown unexpectedly.
12:00:45  [Apache] 	This may be due to a blocked port, missing dependencies, 
12:00:45  [Apache] 	improper privileges, a crash, or a shutdown by another method.
12:00:45  [Apache] 	Press the Logs button to view error logs and check
12:00:45  [Apache] 	the Windows Event Viewer for more clues
12:00:45  [Apache] 	If you need more help, copy and post this
12:00:45  [Apache] 	entire log window on the forums
12:00:52  [Apache] 	Problem detected!
12:00:52  [Apache] 	Port 80 in use by "C:\xampp2\apache\bin\httpd.exe" with PID 37076!
12:00:52  [Apache] 	Apache WILL NOT start without the configured ports free!
12:00:52  [Apache] 	You need to uninstall/disable/reconfigure the blocking application
12:00:52  [Apache] 	or reconfigure Apache and the Control Panel to listen on a different port
12:00:52  [Apache] 	Problem detected!
12:00:52  [Apache] 	Port 443 in use by "C:\xampp2\apache\bin\httpd.exe" with PID 37076!
12:00:52  [Apache] 	Apache WILL NOT start without the configured ports free!
12:00:52  [Apache] 	You need to uninstall/disable/reconfigure the blocking application
12:00:52  [Apache] 	or reconfigure Apache and the Control Panel to listen on a different port
12:00:52  [Apache] 	Attempting to start Apache app...
12:00:52  [Apache] 	Status change detected: running
12:00:53  [Apache] 	Status change detected: stopped
12:00:53  [Apache] 	Error: Apache shutdown unexpectedly.
12:00:53  [Apache] 	This may be due to a blocked port, missing dependencies, 
12:00:53  [Apache] 	improper privileges, a crash, or a shutdown by another method.
12:00:53  [Apache] 	Press the Logs button to view error logs and check
12:00:53  [Apache] 	the Windows Event Viewer for more clues
12:00:53  [Apache] 	If you need more help, copy and post this
12:00:53  [Apache] 	entire log window on the forums
12:01:05  [Apache] 	Attempting to start Apache app...
12:01:06  [Apache] 	Status change detected: running
12:01:06  [Apache] 	Status change detected: stopped
12:01:06  [Apache] 	Error: Apache shutdown unexpectedly.
12:01:06  [Apache] 	This may be due to a blocked port, missing dependencies, 
12:01:06  [Apache] 	improper privileges, a crash, or a shutdown by another method.
12:01:06  [Apache] 	Press the Logs button to view error logs and check
12:01:06  [Apache] 	the Windows Event Viewer for more clues
12:01:06  [Apache] 	If you need more help, copy and post this
12:01:06  [Apache] 	entire log window on the forums
12:01:10  [Apache] 	Attempting to start Apache app...
12:01:10  [Apache] 	Status change detected: running
12:01:11  [Apache] 	Status change detected: stopped
12:01:11  [Apache] 	Error: Apache shutdown unexpectedly.
12:01:11  [Apache] 	This may be due to a blocked port, missing dependencies, 
12:01:11  [Apache] 	improper privileges, a crash, or a shutdown by another method.
12:01:11  [Apache] 	Press the Logs button to view error logs and check
12:01:11  [Apache] 	the Windows Event Viewer for more clues
12:01:11  [Apache] 	If you need more help, copy and post this
12:01:11  [Apache] 	entire log window on the forums
12:01:47  [Apache] 	Attempting to start Apache app...
12:01:47  [Apache] 	Status change detected: running
12:01:48  [Apache] 	Status change detected: stopped
12:01:48  [Apache] 	Error: Apache shutdown unexpectedly.
12:01:48  [Apache] 	This may be due to a blocked port, missing dependencies, 
12:01:48  [Apache] 	improper privileges, a crash, or a shutdown by another method.
12:01:48  [Apache] 	Press the Logs button to view error logs and check
12:01:48  [Apache] 	the Windows Event Viewer for more clues
12:01:48  [Apache] 	If you need more help, copy and post this
12:01:48  [Apache] 	entire log window on the forums
12:01:50  [Apache] 	Attempting to start Apache app...
12:02:00  [main] 	Deinitializing Modules
12:02:00  [main] 	Deinitializing Control Panel

